<html>
<body>
<pre>
<h1>µVision Build Log</h1>
<h2>Project:</h2>
C:\Keil\EE319KwareSpring2015\Lab4_EE319K\Lab4.uvproj
Project File Date:  10/06/2014

<h2>Output:</h2>
Rebuild target 'Lab4'
assembling Startup.s...
assembling main.s...
linking...
Program Size: Code=2236 RO-data=240 RW-data=456 ZI-data=1080  
".\Lab4.axf" - 0 Error(s), 0 Warning(s).
</pre>
</body>
</html>
 function to 'REQ8 (Code was permitted to depend on the 8-byte aligment of 8-byte data items)' function TExaS_Init.
Finished: 0 information, 0 warning and 1 error messages.
".\Lab4.axf" - 1 Error(s), 0 Warning(s).
Target not created
