<html>
<body>
<pre>
<h1>µVision Build Log</h1>
<h2>Project:</h2>
C:\SVN Files\students\azm259_zam374\Lab6\Lab6.uvproj
Project File Date:  11/28/2015

<h2>Output:</h2>
Rebuild target 'Lab6'
assembling startup.s...
compiling Sound.c...
compiling piano.c...
compiling dac.c...
compiling Lab6.c...
linking...
Program Size: Code=6212 RO-data=9592 RW-data=116 ZI-data=1820  
".\Lab6.axf" - 0 Error(s), 0 Warning(s).
Load "C:\\SVN Files\\students\\azm259_zam374\\Lab6\\Lab6.axf" 
Connecting: Mode=JTAG, Speed=1000000Hz
Connection failed!, error code=&d
Error: Flash Download failed  -  Target DLL has been cancelled
Load "C:\\SVN Files\\students\\azm259_zam374\\Lab6\\Lab6.axf" 
Connecting: Mode=JTAG, Speed=1000000Hz
Erase Done.
Programming Done.
Verify OK.
</pre>
</body>
</html>
