<html>
<body>
<pre>
<h1>µVision Build Log</h1>
<h2>Project:</h2>
C:\319k Embedded Master\students\azm259_zam374\Lab9\Lab8.uvproj
Project File Date:  11/18/2015

<h2>Output:</h2>
Rebuild target 'Lab8'
assembling startup.s...
assembling LCD.s...
assembling Print.s...
compiling ADC.c...
compiling Lab8.c...
FIFO.h(3): warning:  #1-D: last line of file ends without a newline
  int FIFO_Put(int datt);
Lab8.c: 1 warning, 0 errors
compiling ST7735.c...
compiling FIFO.c...
linking...
Program Size: Code=5312 RO-data=2292 RW-data=156 ZI-data=1220  
".\Lab8.axf" - 0 Error(s), 1 Warning(s).
Load "C:\\319k Embedded Master\\students\\azm259_zam374\\Lab9\\Lab8.axf" 
Connecting: Mode=JTAG, Speed=1000000Hz
Connection failed!, error code=&d
Error: Flash Download failed  -  Target DLL has been cancelled
</pre>
</body>
</html>
