ARM Linker, 5.03 [Build 76] [MDK-ARM Professional]

==============================================================================

Section Cross References

    startup.o(STACK) refers (Special) to heapauxi.o(.text) for __use_two_region_memory
    startup.o(HEAP) refers (Special) to heapauxi.o(.text) for __use_two_region_memory
    startup.o(RESET) refers (Special) to heapauxi.o(.text) for __use_two_region_memory
    startup.o(RESET) refers to startup.o(STACK) for StackMem
    startup.o(RESET) refers to lab8.o(i.SysTick_Handler) for SysTick_Handler
    startup.o(RESET) refers to timer0.o(i.Timer0A_Handler) for Timer0A_Handler
    startup.o(RESET) refers to timer0.o(i.Timer1A_Handler) for Timer1A_Handler
    startup.o(RESET) refers to timer0.o(i.Timer2A_Handler) for Timer2A_Handler
    startup.o(RESET) refers to texas.o(.text) for Timer4A_Handler
    startup.o(RESET) refers to __main.o(!!!main) for __main
    startup.o(.text) refers (Special) to heapauxi.o(.text) for __use_two_region_memory
    startup.o(.text) refers to startup.o(HEAP) for HeapMem
    startup.o(.text) refers to startup.o(STACK) for StackMem
    random.o(.text) refers to random.o(DATA) for M
    print.o(.text) refers (Special) to st7735.o(i.ST7735_OutString) for ST7735_OutString
    print.o(.text) refers to st7735.o(i.ST7735_OutChar) for ST7735_OutChar
    lab8.o(i.AVeraG) refers to adc.o(i.ADC_In) for ADC_In
    lab8.o(i.AVeraG) refers to lab8.o(.data) for ADCMail
    lab8.o(i.Intro_Music) refers to timer0.o(i.Timer0_Init) for Timer0_Init
    lab8.o(i.Intro_Music) refers to lab8.o(i.Switch_Init) for Switch_Init
    lab8.o(i.SysTick_Handler) refers to adc.o(i.ADC_In) for ADC_In
    lab8.o(i.SysTick_Handler) refers to lab8.o(.data) for z
    lab8.o(i.Welcome_Init) refers to st7735.o(i.ST7735_DrawBitmap) for ST7735_DrawBitmap
    lab8.o(i.Welcome_Init) refers to lab8.o(i.Intro_Music) for Intro_Music
    lab8.o(i.Welcome_Init) refers to timer0.o(i.Timer0A_Stop) for Timer0A_Stop
    lab8.o(i.Welcome_Init) refers to lab8.o(.constdata) for falling
    lab8.o(i.main) refers to startup.o(.text) for DisableInterrupts
    lab8.o(i.main) refers to texas.o(.text) for TExaS_Init
    lab8.o(i.main) refers to adc.o(i.ADC_Init) for ADC_Init
    lab8.o(i.main) refers to lab8.o(i.PortF_Init) for PortF_Init
    lab8.o(i.main) refers to random.o(.text) for Random_Init
    lab8.o(i.main) refers to dac.o(i.DAC_Init) for DAC_Init
    lab8.o(i.main) refers to lab8.o(i.Switch_Init) for Switch_Init
    lab8.o(i.main) refers to st7735.o(i.ST7735_InitR) for ST7735_InitR
    lab8.o(i.main) refers to st7735.o(i.ST7735_FillScreen) for ST7735_FillScreen
    lab8.o(i.main) refers to lab8.o(i.Welcome_Init) for Welcome_Init
    lab8.o(i.main) refers to lab8.o(i.SysTick_Init) for SysTick_Init
    lab8.o(i.main) refers to st7735.o(i.ST7735_DrawBitmap) for ST7735_DrawBitmap
    lab8.o(i.main) refers to st7735.o(i.ST7735_SetCursor) for ST7735_SetCursor
    lab8.o(i.main) refers to bricktype.o(i.WorkerInit) for WorkerInit
    lab8.o(i.main) refers to bricktype.o(i.fall) for fall
    lab8.o(i.main) refers to lab8.o(.constdata) for black
    st7735.o(i.Output_Clear) refers to st7735.o(i.ST7735_FillScreen) for ST7735_FillScreen
    st7735.o(i.Output_Color) refers to st7735.o(i.ST7735_SetTextColor) for ST7735_SetTextColor
    st7735.o(i.Output_Init) refers to st7735.o(i.ST7735_InitR) for ST7735_InitR
    st7735.o(i.Output_Init) refers to st7735.o(i.ST7735_FillScreen) for ST7735_FillScreen
    st7735.o(i.Output_Off) refers to st7735.o(i.Output_Clear) for Output_Clear
    st7735.o(i.Output_On) refers to st7735.o(i.Output_Init) for Output_Init
    st7735.o(i.ST7735_DrawBitmap) refers to st7735.o(i.setAddrWindow) for setAddrWindow
    st7735.o(i.ST7735_DrawBitmap) refers to lcd.o(.text) for writedata
    st7735.o(i.ST7735_DrawBitmap) refers to st7735.o(.data) for _width
    st7735.o(i.ST7735_DrawChar) refers to st7735.o(i.setAddrWindow) for setAddrWindow
    st7735.o(i.ST7735_DrawChar) refers to st7735.o(i.pushColor) for pushColor
    st7735.o(i.ST7735_DrawChar) refers to st7735.o(.data) for _width
    st7735.o(i.ST7735_DrawChar) refers to st7735.o(.constdata) for Font
    st7735.o(i.ST7735_DrawCharS) refers to st7735.o(i.ST7735_DrawPixel) for ST7735_DrawPixel
    st7735.o(i.ST7735_DrawCharS) refers to st7735.o(i.ST7735_FillRect) for ST7735_FillRect
    st7735.o(i.ST7735_DrawCharS) refers to st7735.o(.data) for _width
    st7735.o(i.ST7735_DrawCharS) refers to st7735.o(.constdata) for Font
    st7735.o(i.ST7735_DrawFastHLine) refers to st7735.o(i.setAddrWindow) for setAddrWindow
    st7735.o(i.ST7735_DrawFastHLine) refers to lcd.o(.text) for writedata
    st7735.o(i.ST7735_DrawFastHLine) refers to st7735.o(.data) for _width
    st7735.o(i.ST7735_DrawFastVLine) refers to st7735.o(i.setAddrWindow) for setAddrWindow
    st7735.o(i.ST7735_DrawFastVLine) refers to lcd.o(.text) for writedata
    st7735.o(i.ST7735_DrawFastVLine) refers to st7735.o(.data) for _width
    st7735.o(i.ST7735_DrawPixel) refers to st7735.o(i.setAddrWindow) for setAddrWindow
    st7735.o(i.ST7735_DrawPixel) refers to st7735.o(i.pushColor) for pushColor
    st7735.o(i.ST7735_DrawPixel) refers to st7735.o(.data) for _width
    st7735.o(i.ST7735_DrawString) refers to st7735.o(i.ST7735_DrawCharS) for ST7735_DrawCharS
    st7735.o(i.ST7735_FillRect) refers to st7735.o(i.setAddrWindow) for setAddrWindow
    st7735.o(i.ST7735_FillRect) refers to lcd.o(.text) for writedata
    st7735.o(i.ST7735_FillRect) refers to st7735.o(.data) for _width
    st7735.o(i.ST7735_FillScreen) refers to st7735.o(i.ST7735_FillRect) for ST7735_FillRect
    st7735.o(i.ST7735_FillScreen) refers to st7735.o(.data) for _height
    st7735.o(i.ST7735_InitB) refers to st7735.o(i.commonInit) for commonInit
    st7735.o(i.ST7735_InitB) refers to st7735.o(i.ST7735_SetCursor) for ST7735_SetCursor
    st7735.o(i.ST7735_InitB) refers to st7735.o(i.ST7735_FillScreen) for ST7735_FillScreen
    st7735.o(i.ST7735_InitB) refers to st7735.o(.constdata) for Bcmd
    st7735.o(i.ST7735_InitB) refers to st7735.o(.data) for StTextColor
    st7735.o(i.ST7735_InitR) refers to st7735.o(i.commonInit) for commonInit
    st7735.o(i.ST7735_InitR) refers to st7735.o(i.commandList) for commandList
    st7735.o(i.ST7735_InitR) refers to lcd.o(.text) for writecommand
    st7735.o(i.ST7735_InitR) refers to st7735.o(i.ST7735_SetCursor) for ST7735_SetCursor
    st7735.o(i.ST7735_InitR) refers to st7735.o(i.ST7735_FillScreen) for ST7735_FillScreen
    st7735.o(i.ST7735_InitR) refers to st7735.o(.constdata) for Rcmd1
    st7735.o(i.ST7735_InitR) refers to st7735.o(.data) for ColStart
    st7735.o(i.ST7735_InvertDisplay) refers to lcd.o(.text) for writecommand
    st7735.o(i.ST7735_OutChar) refers to st7735.o(i.ST7735_DrawString) for ST7735_DrawString
    st7735.o(i.ST7735_OutChar) refers to st7735.o(i.ST7735_DrawCharS) for ST7735_DrawCharS
    st7735.o(i.ST7735_OutChar) refers to st7735.o(.data) for StY
    st7735.o(i.ST7735_OutString) refers to st7735.o(i.ST7735_OutChar) for ST7735_OutChar
    st7735.o(i.ST7735_OutUDec) refers to st7735.o(i.fillmessage) for fillmessage
    st7735.o(i.ST7735_OutUDec) refers to st7735.o(i.ST7735_DrawString) for ST7735_DrawString
    st7735.o(i.ST7735_OutUDec) refers to st7735.o(i.ST7735_DrawCharS) for ST7735_DrawCharS
    st7735.o(i.ST7735_OutUDec) refers to st7735.o(.data) for Messageindex
    st7735.o(i.ST7735_OutUDec) refers to st7735.o(.bss) for Message
    st7735.o(i.ST7735_PlotBar) refers to st7735.o(i.ST7735_DrawFastVLine) for ST7735_DrawFastVLine
    st7735.o(i.ST7735_PlotBar) refers to st7735.o(.data) for Ymin
    st7735.o(i.ST7735_PlotClear) refers to st7735.o(i.ST7735_Color565) for ST7735_Color565
    st7735.o(i.ST7735_PlotClear) refers to st7735.o(i.ST7735_FillRect) for ST7735_FillRect
    st7735.o(i.ST7735_PlotClear) refers to st7735.o(.data) for Ymax
    st7735.o(i.ST7735_PlotLine) refers to st7735.o(i.ST7735_DrawPixel) for ST7735_DrawPixel
    st7735.o(i.ST7735_PlotLine) refers to st7735.o(.data) for Ymin
    st7735.o(i.ST7735_PlotNext) refers to st7735.o(.data) for X
    st7735.o(i.ST7735_PlotNextErase) refers to st7735.o(i.ST7735_Color565) for ST7735_Color565
    st7735.o(i.ST7735_PlotNextErase) refers to st7735.o(i.ST7735_DrawFastVLine) for ST7735_DrawFastVLine
    st7735.o(i.ST7735_PlotNextErase) refers to st7735.o(.data) for X
    st7735.o(i.ST7735_PlotPoint) refers to st7735.o(i.ST7735_DrawPixel) for ST7735_DrawPixel
    st7735.o(i.ST7735_PlotPoint) refers to st7735.o(.data) for Ymin
    st7735.o(i.ST7735_PlotPoints) refers to st7735.o(i.ST7735_DrawPixel) for ST7735_DrawPixel
    st7735.o(i.ST7735_PlotPoints) refers to st7735.o(.data) for Ymin
    st7735.o(i.ST7735_PlotdBfs) refers to st7735.o(i.ST7735_DrawFastVLine) for ST7735_DrawFastVLine
    st7735.o(i.ST7735_PlotdBfs) refers to st7735.o(.constdata) for dBfs
    st7735.o(i.ST7735_PlotdBfs) refers to st7735.o(.data) for X
    st7735.o(i.ST7735_SetCursor) refers to st7735.o(.data) for StX
    st7735.o(i.ST7735_SetRotation) refers to lcd.o(.text) for writecommand
    st7735.o(i.ST7735_SetRotation) refers to st7735.o(.data) for Rotation
    st7735.o(i.ST7735_SetTextColor) refers to st7735.o(.data) for StTextColor
    st7735.o(i.commandList) refers to lcd.o(.text) for writecommand
    st7735.o(i.commandList) refers to st7735.o(i.Delay1ms) for Delay1ms
    st7735.o(i.commonInit) refers to st7735.o(i.Delay1ms) for Delay1ms
    st7735.o(i.commonInit) refers to st7735.o(i.commandList) for commandList
    st7735.o(i.commonInit) refers to st7735.o(.data) for RowStart
    st7735.o(i.fillmessage) refers to st7735.o(.bss) for Message
    st7735.o(i.fillmessage) refers to st7735.o(.data) for Messageindex
    st7735.o(i.fputc) refers to st7735.o(i.ST7735_OutChar) for ST7735_OutChar
    st7735.o(i.pushColor) refers to lcd.o(.text) for writedata
    st7735.o(i.setAddrWindow) refers to lcd.o(.text) for writecommand
    st7735.o(i.setAddrWindow) refers to st7735.o(.data) for ColStart
    timer0.o(i.Timer0A_Handler) refers to dac.o(i.DAC_Out) for DAC_Out
    timer0.o(i.Timer0A_Handler) refers to timer0.o(.data) for SinTab
    timer0.o(i.Timer1A_Handler) refers to timer0.o(i.Timer1A_Stop) for Timer1A_Stop
    timer0.o(i.Timer1A_Handler) refers to bricktype.o(.data) for flag
    timer0.o(i.Timer2A_Handler) refers to dac.o(i.DAC_Out) for DAC_Out
    timer0.o(i.Timer2A_Handler) refers to timer0.o(.data) for SinTab
    timer1.o(i.Timer1A_Handler0) refers to timer1.o(.data) for PeriodicTask10
    timer1.o(i.Timer1_Init0) refers to timer1.o(.data) for PeriodicTask10
    bricktype.o(i.BrickDraw) refers to st7735.o(i.ST7735_DrawBitmap) for ST7735_DrawBitmap
    bricktype.o(i.BrickDraw) refers to bricktype.o(i.RandomGen) for RandomGen
    bricktype.o(i.BrickDraw) refers to bricktype.o(.constdata) for gap1
    bricktype.o(i.BrickDraw) refers to bricktype.o(.data) for vs
    bricktype.o(i.ButtonCheck) refers to timer0.o(i.Timer1_Init) for Timer1_Init
    bricktype.o(i.ButtonCheck) refers to bricktype.o(i.WorkerInit) for WorkerInit
    bricktype.o(i.ButtonCheck) refers to st7735.o(i.ST7735_SetCursor) for ST7735_SetCursor
    bricktype.o(i.ButtonCheck) refers to st7735.o(i.ST7735_OutString) for ST7735_OutString
    bricktype.o(i.ButtonCheck) refers to print.o(.text) for LCD_OutDec
    bricktype.o(i.ButtonCheck) refers to bricktype.o(i.BrickDraw) for BrickDraw
    bricktype.o(i.ButtonCheck) refers to timer0.o(i.Timer1A_Stop) for Timer1A_Stop
    bricktype.o(i.ButtonCheck) refers to st7735.o(i.ST7735_DrawBitmap) for ST7735_DrawBitmap
    bricktype.o(i.ButtonCheck) refers to bricktype.o(i.Delay) for Delay
    bricktype.o(i.ButtonCheck) refers to bricktype.o(.data) for flag
    bricktype.o(i.ButtonCheck) refers to bricktype.o(i.Worker) for Worker
    bricktype.o(i.ButtonCheck) refers to bricktype.o(.constdata) for red
    bricktype.o(i.CheckCollision) refers to bricktype.o(i.Worker) for Worker
    bricktype.o(i.CheckCollision) refers to bricktype.o(i.HitAn) for HitAn
    bricktype.o(i.CheckCollision) refers to bricktype.o(i.GameOver) for GameOver
    bricktype.o(i.CheckCollision) refers to bricktype.o(.data) for what
    bricktype.o(i.CheckCollision) refers to lab8.o(.data) for hs
    bricktype.o(i.GameOver) refers to st7735.o(i.ST7735_FillScreen) for ST7735_FillScreen
    bricktype.o(i.GameOver) refers to st7735.o(i.ST7735_DrawBitmap) for ST7735_DrawBitmap
    bricktype.o(i.GameOver) refers to timer0.o(i.Timer0A_Start) for Timer0A_Start
    bricktype.o(i.GameOver) refers to bricktype.o(.constdata) for gameover1
    bricktype.o(i.HitAn) refers to timer0.o(i.Timer2_Init) for Timer2_Init
    bricktype.o(i.HitAn) refers to st7735.o(i.ST7735_DrawBitmap) for ST7735_DrawBitmap
    bricktype.o(i.HitAn) refers to timer0.o(i.Timer2A_Stop) for Timer2A_Stop
    bricktype.o(i.HitAn) refers to bricktype.o(i.Worker) for Worker
    bricktype.o(i.HitAn) refers to lab8.o(.data) for hs
    bricktype.o(i.HitAn) refers to bricktype.o(.constdata) for xp
    bricktype.o(i.Power) refers to st7735.o(i.ST7735_DrawBitmap) for ST7735_DrawBitmap
    bricktype.o(i.Power) refers to bricktype.o(i.ButtonCheck) for ButtonCheck
    bricktype.o(i.Power) refers to bricktype.o(.data) for q
    bricktype.o(i.Power) refers to bricktype.o(.constdata) for star
    bricktype.o(i.RandomGen) refers to random.o(.text) for Random32
    bricktype.o(i.RandomGen) refers to bricktype.o(.data) for num
    bricktype.o(i.Worker) refers to st7735.o(i.ST7735_DrawBitmap) for ST7735_DrawBitmap
    bricktype.o(i.Worker) refers to lab8.o(.data) for hs
    bricktype.o(i.Worker) refers to bricktype.o(.constdata) for workerbuff
    bricktype.o(i.WorkerInit) refers to st7735.o(i.ST7735_DrawBitmap) for ST7735_DrawBitmap
    bricktype.o(i.WorkerInit) refers to lab8.o(.data) for hs
    bricktype.o(i.WorkerInit) refers to bricktype.o(.constdata) for workerbuff
    bricktype.o(i.WorkerInit) refers to bricktype.o(.data) for flag
    bricktype.o(i.fall) refers to bricktype.o(i.RandomGen) for RandomGen
    bricktype.o(i.fall) refers to bricktype.o(i.Worker) for Worker
    bricktype.o(i.fall) refers to st7735.o(i.ST7735_SetCursor) for ST7735_SetCursor
    bricktype.o(i.fall) refers to st7735.o(i.ST7735_OutString) for ST7735_OutString
    bricktype.o(i.fall) refers to print.o(.text) for LCD_OutDec
    bricktype.o(i.fall) refers to bricktype.o(i.BrickDraw) for BrickDraw
    bricktype.o(i.fall) refers to bricktype.o(i.Power) for Power
    bricktype.o(i.fall) refers to bricktype.o(i.CheckCollision) for CheckCollision
    bricktype.o(i.fall) refers to bricktype.o(.data) for what
    texas.o(.text) refers to texas.o(.bss) for TExaS
    texas.o(.text) refers to texas.o(.constdata) for IntroMsg
    texas.o(.text) refers to texas.o(.data) for LastMode
    __main.o(!!!main) refers to rtentry.o(.ARM.Collect$$rtentry$$00000000) for __rt_entry
    rtentry.o(.ARM.Collect$$rtentry$$00000000) refers (Special) to rtentry2.o(.ARM.Collect$$rtentry$$0000000A) for __rt_entry_li
    rtentry.o(.ARM.Collect$$rtentry$$00000000) refers (Special) to rtentry2.o(.ARM.Collect$$rtentry$$0000000D) for __rt_entry_main
    rtentry.o(.ARM.Collect$$rtentry$$00000000) refers (Special) to rtentry2.o(.ARM.Collect$$rtentry$$0000000C) for __rt_entry_postli_1
    rtentry.o(.ARM.Collect$$rtentry$$00000000) refers (Special) to rtentry2.o(.ARM.Collect$$rtentry$$00000009) for __rt_entry_postsh_1
    rtentry.o(.ARM.Collect$$rtentry$$00000000) refers (Special) to rtentry2.o(.ARM.Collect$$rtentry$$00000002) for __rt_entry_presh_1
    rtentry.o(.ARM.Collect$$rtentry$$00000000) refers (Special) to rtentry4.o(.ARM.Collect$$rtentry$$00000004) for __rt_entry_sh
    rtentry2.o(.ARM.Collect$$rtentry$$00000008) refers to boardinit2.o(.text) for _platform_post_stackheap_init
    rtentry2.o(.ARM.Collect$$rtentry$$0000000A) refers to libinit.o(.ARM.Collect$$libinit$$00000000) for __rt_lib_init
    rtentry2.o(.ARM.Collect$$rtentry$$0000000B) refers to boardinit3.o(.text) for _platform_post_lib_init
    rtentry2.o(.ARM.Collect$$rtentry$$0000000D) refers to lab8.o(i.main) for main
    rtentry2.o(.ARM.Collect$$rtentry$$0000000D) refers to exit.o(.text) for exit
    rtentry2.o(.ARM.exidx) refers to rtentry2.o(.ARM.Collect$$rtentry$$00000001) for .ARM.Collect$$rtentry$$00000001
    rtentry2.o(.ARM.exidx) refers to rtentry2.o(.ARM.Collect$$rtentry$$00000008) for .ARM.Collect$$rtentry$$00000008
    rtentry2.o(.ARM.exidx) refers to rtentry2.o(.ARM.Collect$$rtentry$$0000000A) for .ARM.Collect$$rtentry$$0000000A
    rtentry2.o(.ARM.exidx) refers to rtentry2.o(.ARM.Collect$$rtentry$$0000000B) for .ARM.Collect$$rtentry$$0000000B
    rtentry2.o(.ARM.exidx) refers to rtentry2.o(.ARM.Collect$$rtentry$$0000000D) for .ARM.Collect$$rtentry$$0000000D
    rtentry4.o(.ARM.Collect$$rtentry$$00000004) refers to sys_stackheap_outer.o(.text) for __user_setup_stackheap
    rtentry4.o(.ARM.exidx) refers to rtentry4.o(.ARM.Collect$$rtentry$$00000004) for .ARM.Collect$$rtentry$$00000004
    sys_stackheap_outer.o(.text) refers to libspace.o(.text) for __user_perproc_libspace
    sys_stackheap_outer.o(.text) refers to startup.o(.text) for __user_initial_stackheap
    exit.o(.text) refers to rtexit.o(.ARM.Collect$$rtexit$$00000000) for __rt_exit
    libinit.o(.ARM.Collect$$libinit$$00000000) refers (Special) to libinit2.o(.ARM.Collect$$libinit$$0000002C) for __rt_lib_init_alloca_1
    libinit.o(.ARM.Collect$$libinit$$00000000) refers (Special) to libinit2.o(.ARM.Collect$$libinit$$0000002A) for __rt_lib_init_argv_1
    libinit.o(.ARM.Collect$$libinit$$00000000) refers (Special) to libinit2.o(.ARM.Collect$$libinit$$00000019) for __rt_lib_init_atexit_1
    libinit.o(.ARM.Collect$$libinit$$00000000) refers (Special) to libinit2.o(.ARM.Collect$$libinit$$0000001F) for __rt_lib_init_clock_1
    libinit.o(.ARM.Collect$$libinit$$00000000) refers (Special) to libinit2.o(.ARM.Collect$$libinit$$00000030) for __rt_lib_init_cpp_1
    libinit.o(.ARM.Collect$$libinit$$00000000) refers (Special) to libinit2.o(.ARM.Collect$$libinit$$0000002E) for __rt_lib_init_exceptions_1
    libinit.o(.ARM.Collect$$libinit$$00000000) refers (Special) to libinit2.o(.ARM.Collect$$libinit$$00000002) for __rt_lib_init_fp_1
    libinit.o(.ARM.Collect$$libinit$$00000000) refers (Special) to libinit2.o(.ARM.Collect$$libinit$$0000001D) for __rt_lib_init_fp_trap_1
    libinit.o(.ARM.Collect$$libinit$$00000000) refers (Special) to libinit2.o(.ARM.Collect$$libinit$$00000021) for __rt_lib_init_getenv_1
    libinit.o(.ARM.Collect$$libinit$$00000000) refers (Special) to libinit2.o(.ARM.Collect$$libinit$$00000008) for __rt_lib_init_heap_1
    libinit.o(.ARM.Collect$$libinit$$00000000) refers (Special) to libinit2.o(.ARM.Collect$$libinit$$0000000F) for __rt_lib_init_lc_collate_1
    libinit.o(.ARM.Collect$$libinit$$00000000) refers (Special) to libinit2.o(.ARM.Collect$$libinit$$00000011) for __rt_lib_init_lc_ctype_1
    libinit.o(.ARM.Collect$$libinit$$00000000) refers (Special) to libinit2.o(.ARM.Collect$$libinit$$00000013) for __rt_lib_init_lc_monetary_1
    libinit.o(.ARM.Collect$$libinit$$00000000) refers (Special) to libinit2.o(.ARM.Collect$$libinit$$00000015) for __rt_lib_init_lc_numeric_1
    libinit.o(.ARM.Collect$$libinit$$00000000) refers (Special) to libinit2.o(.ARM.Collect$$libinit$$00000017) for __rt_lib_init_lc_time_1
    libinit.o(.ARM.Collect$$libinit$$00000000) refers (Special) to libinit2.o(.ARM.Collect$$libinit$$0000000C) for __rt_lib_init_rand_1
    libinit.o(.ARM.Collect$$libinit$$00000000) refers (Special) to libinit2.o(.ARM.Collect$$libinit$$00000031) for __rt_lib_init_return
    libinit.o(.ARM.Collect$$libinit$$00000000) refers (Special) to libinit2.o(.ARM.Collect$$libinit$$0000001B) for __rt_lib_init_signal_1
    libinit.o(.ARM.Collect$$libinit$$00000000) refers (Special) to libinit2.o(.ARM.Collect$$libinit$$00000023) for __rt_lib_init_stdio_1
    libinit.o(.ARM.Collect$$libinit$$00000000) refers (Special) to libinit2.o(.ARM.Collect$$libinit$$0000000A) for __rt_lib_init_user_alloc_1
    libspace.o(.text) refers to libspace.o(.bss) for __libspace_start
    rtexit.o(.ARM.Collect$$rtexit$$00000000) refers (Special) to rtexit2.o(.ARM.Collect$$rtexit$$00000004) for __rt_exit_exit
    rtexit.o(.ARM.Collect$$rtexit$$00000000) refers (Special) to rtexit2.o(.ARM.Collect$$rtexit$$00000003) for __rt_exit_ls
    rtexit.o(.ARM.Collect$$rtexit$$00000000) refers (Special) to rtexit2.o(.ARM.Collect$$rtexit$$00000002) for __rt_exit_prels_1
    rtexit.o(.ARM.exidx) refers (Special) to rtexit2.o(.ARM.Collect$$rtexit$$00000004) for __rt_exit_exit
    rtexit.o(.ARM.exidx) refers (Special) to rtexit2.o(.ARM.Collect$$rtexit$$00000003) for __rt_exit_ls
    rtexit.o(.ARM.exidx) refers (Special) to rtexit2.o(.ARM.Collect$$rtexit$$00000002) for __rt_exit_prels_1
    rtexit.o(.ARM.exidx) refers to rtexit.o(.ARM.Collect$$rtexit$$00000000) for .ARM.Collect$$rtexit$$00000000
    libinit2.o(.ARM.Collect$$libinit$$0000000E) refers to libinit2.o(.ARM.Collect$$libinit$$0000000D) for .ARM.Collect$$libinit$$0000000D
    libinit2.o(.ARM.Collect$$libinit$$00000010) refers to libinit2.o(.ARM.Collect$$libinit$$0000000D) for .ARM.Collect$$libinit$$0000000D
    libinit2.o(.ARM.Collect$$libinit$$00000012) refers to libinit2.o(.ARM.Collect$$libinit$$0000000D) for .ARM.Collect$$libinit$$0000000D
    libinit2.o(.ARM.Collect$$libinit$$00000014) refers to libinit2.o(.ARM.Collect$$libinit$$0000000D) for .ARM.Collect$$libinit$$0000000D
    libinit2.o(.ARM.Collect$$libinit$$00000016) refers to libinit2.o(.ARM.Collect$$libinit$$0000000D) for .ARM.Collect$$libinit$$0000000D
    libinit2.o(.ARM.Collect$$libinit$$00000024) refers to argv_veneer.o(.emb_text) for __ARM_argv_veneer
    libinit2.o(.ARM.Collect$$libinit$$00000025) refers to argv_veneer.o(.emb_text) for __ARM_argv_veneer
    rtexit2.o(.ARM.Collect$$rtexit$$00000003) refers to libshutdown.o(.ARM.Collect$$libshutdown$$00000000) for __rt_lib_shutdown
    rtexit2.o(.ARM.Collect$$rtexit$$00000004) refers to sys_exit.o(.text) for _sys_exit
    rtexit2.o(.ARM.exidx) refers to rtexit2.o(.ARM.Collect$$rtexit$$00000001) for .ARM.Collect$$rtexit$$00000001
    rtexit2.o(.ARM.exidx) refers to rtexit2.o(.ARM.Collect$$rtexit$$00000003) for .ARM.Collect$$rtexit$$00000003
    rtexit2.o(.ARM.exidx) refers to rtexit2.o(.ARM.Collect$$rtexit$$00000004) for .ARM.Collect$$rtexit$$00000004
    argv_veneer.o(.emb_text) refers to no_argv.o(.text) for __ARM_get_argv
    sys_exit.o(.text) refers (Special) to use_no_semi.o(.text) for __I$use$semihosting
    sys_exit.o(.text) refers (Special) to indicate_semi.o(.text) for __semihosting_library_function
    _get_argv_nomalloc.o(.text) refers (Special) to hrguard.o(.text) for __heap_region$guard
    _get_argv_nomalloc.o(.text) refers to defsig_rtmem_outer.o(.text) for __rt_SIGRTMEM
    _get_argv_nomalloc.o(.text) refers to sys_command.o(.text) for _sys_command_string
    libshutdown.o(.ARM.Collect$$libshutdown$$00000000) refers (Special) to libshutdown2.o(.ARM.Collect$$libshutdown$$00000006) for __rt_lib_shutdown_fp_trap_1
    libshutdown.o(.ARM.Collect$$libshutdown$$00000000) refers (Special) to libshutdown2.o(.ARM.Collect$$libshutdown$$0000000E) for __rt_lib_shutdown_heap_1
    libshutdown.o(.ARM.Collect$$libshutdown$$00000000) refers (Special) to libshutdown2.o(.ARM.Collect$$libshutdown$$0000000F) for __rt_lib_shutdown_return
    libshutdown.o(.ARM.Collect$$libshutdown$$00000000) refers (Special) to libshutdown2.o(.ARM.Collect$$libshutdown$$00000009) for __rt_lib_shutdown_signal_1
    libshutdown.o(.ARM.Collect$$libshutdown$$00000000) refers (Special) to libshutdown2.o(.ARM.Collect$$libshutdown$$00000003) for __rt_lib_shutdown_stdio_1
    libshutdown.o(.ARM.Collect$$libshutdown$$00000000) refers (Special) to libshutdown2.o(.ARM.Collect$$libshutdown$$0000000B) for __rt_lib_shutdown_user_alloc_1
    sys_command.o(.text) refers (Special) to use_no_semi.o(.text) for __I$use$semihosting
    sys_command.o(.text) refers (Special) to indicate_semi.o(.text) for __semihosting_library_function
    defsig_rtmem_outer.o(.text) refers to defsig_rtmem_inner.o(.text) for __rt_SIGRTMEM_inner
    defsig_rtmem_outer.o(.text) refers to defsig_exit.o(.text) for __sig_exit
    defsig_rtmem_formal.o(.text) refers to rt_raise.o(.text) for __rt_raise
    rt_raise.o(.text) refers to __raise.o(.text) for __raise
    rt_raise.o(.text) refers to sys_exit.o(.text) for _sys_exit
    defsig_exit.o(.text) refers to sys_exit.o(.text) for _sys_exit
    defsig_rtmem_inner.o(.text) refers to defsig_general.o(.text) for __default_signal_display
    __raise.o(.text) refers to defsig.o(CL$$defsig) for __default_signal_handler
    defsig_general.o(.text) refers to sys_wrch.o(.text) for _ttywrch
    sys_wrch.o(.text) refers (Special) to use_no_semi.o(.text) for __I$use$semihosting
    sys_wrch.o(.text) refers (Special) to indicate_semi.o(.text) for __semihosting_library_function
    defsig.o(CL$$defsig) refers to defsig_rtmem_inner.o(.text) for __rt_SIGRTMEM_inner
    defsig_abrt_inner.o(.text) refers to defsig_general.o(.text) for __default_signal_display
    defsig_fpe_inner.o(.text) refers to defsig_general.o(.text) for __default_signal_display
    defsig_rtred_inner.o(.text) refers to defsig_general.o(.text) for __default_signal_display
    defsig_stak_inner.o(.text) refers to defsig_general.o(.text) for __default_signal_display
    defsig_pvfn_inner.o(.text) refers to defsig_general.o(.text) for __default_signal_display
    defsig_cppl_inner.o(.text) refers to defsig_general.o(.text) for __default_signal_display
    defsig_segv_inner.o(.text) refers to defsig_general.o(.text) for __default_signal_display
    defsig_other.o(.text) refers to defsig_general.o(.text) for __default_signal_display


==============================================================================

Removing Unused input sections from the image.

    Removing lab8.o(i.AVeraG), (40 bytes).
    Removing st7735.o(i.Output_Clear), (10 bytes).
    Removing st7735.o(i.Output_Color), (12 bytes).
    Removing st7735.o(i.Output_Init), (16 bytes).
    Removing st7735.o(i.Output_Off), (8 bytes).
    Removing st7735.o(i.Output_On), (8 bytes).
    Removing st7735.o(i.ST7735_Color565), (24 bytes).
    Removing st7735.o(i.ST7735_DrawChar), (268 bytes).
    Removing st7735.o(i.ST7735_DrawFastHLine), (124 bytes).
    Removing st7735.o(i.ST7735_DrawFastVLine), (124 bytes).
    Removing st7735.o(i.ST7735_InitB), (40 bytes).
    Removing st7735.o(i.ST7735_InvertDisplay), (22 bytes).
    Removing st7735.o(i.ST7735_OutUDec), (140 bytes).
    Removing st7735.o(i.ST7735_PlotBar), (88 bytes).
    Removing st7735.o(i.ST7735_PlotClear), (92 bytes).
    Removing st7735.o(i.ST7735_PlotLine), (264 bytes).
    Removing st7735.o(i.ST7735_PlotNext), (32 bytes).
    Removing st7735.o(i.ST7735_PlotNextErase), (64 bytes).
    Removing st7735.o(i.ST7735_PlotPoint), (152 bytes).
    Removing st7735.o(i.ST7735_PlotPoints), (172 bytes).
    Removing st7735.o(i.ST7735_PlotdBfs), (60 bytes).
    Removing st7735.o(i.ST7735_SetRotation), (212 bytes).
    Removing st7735.o(i.ST7735_SetTextColor), (12 bytes).
    Removing st7735.o(i.ST7735_SwapColor), (18 bytes).
    Removing st7735.o(i.ferror), (8 bytes).
    Removing st7735.o(i.fgetc), (6 bytes).
    Removing st7735.o(i.fillmessage), (72 bytes).
    Removing st7735.o(i.fputc), (16 bytes).
    Removing st7735.o(.bss), (12 bytes).
    Removing timer0.o(i.Timer1A_Start), (20 bytes).
    Removing timer0.o(i.Timer2A_Start), (20 bytes).
    Removing timer1.o(i.Timer1A_Handler0), (24 bytes).
    Removing timer1.o(i.Timer1_Init0), (96 bytes).
    Removing timer1.o(.data), (4 bytes).

34 unused section(s) (total 2280 bytes) removed from the image.

==============================================================================

Memory Map of the image

  Image Entry point : 0x00000000

  Load Region LR_1 (Base: 0x00000000, Size: 0x0000d760, Max: 0xffffffff, ABSOLUTE)

    Execution Region ER_RO (Base: 0x00000000, Size: 0x0000d65c, Max: 0xffffffff, ABSOLUTE)

    Base Addr    Size         Type   Attr      Idx    E Section Name        Object

    0x00000000   0x00000284   Code   RO            3  * RESET               startup.o
    0x00000284   0x00000008   Code   RO          605  * !!!main             c_w.l(__main.o)
    0x0000028c   0x00000002   Code   RO          632    .ARM.Collect$$libinit$$00000000  c_w.l(libinit.o)
    0x0000028e   0x00000000   Code   RO          639    .ARM.Collect$$libinit$$00000002  c_w.l(libinit2.o)
    0x0000028e   0x00000000   Code   RO          642    .ARM.Collect$$libinit$$00000008  c_w.l(libinit2.o)
    0x0000028e   0x00000000   Code   RO          644    .ARM.Collect$$libinit$$0000000A  c_w.l(libinit2.o)
    0x0000028e   0x00000000   Code   RO          646    .ARM.Collect$$libinit$$0000000C  c_w.l(libinit2.o)
    0x0000028e   0x00000000   Code   RO          649    .ARM.Collect$$libinit$$0000000F  c_w.l(libinit2.o)
    0x0000028e   0x00000000   Code   RO          651    .ARM.Collect$$libinit$$00000011  c_w.l(libinit2.o)
    0x0000028e   0x00000000   Code   RO          653    .ARM.Collect$$libinit$$00000013  c_w.l(libinit2.o)
    0x0000028e   0x00000000   Code   RO          655    .ARM.Collect$$libinit$$00000015  c_w.l(libinit2.o)
    0x0000028e   0x00000000   Code   RO          657    .ARM.Collect$$libinit$$00000017  c_w.l(libinit2.o)
    0x0000028e   0x00000000   Code   RO          659    .ARM.Collect$$libinit$$00000019  c_w.l(libinit2.o)
    0x0000028e   0x00000000   Code   RO          661    .ARM.Collect$$libinit$$0000001B  c_w.l(libinit2.o)
    0x0000028e   0x00000000   Code   RO          663    .ARM.Collect$$libinit$$0000001D  c_w.l(libinit2.o)
    0x0000028e   0x00000000   Code   RO          665    .ARM.Collect$$libinit$$0000001F  c_w.l(libinit2.o)
    0x0000028e   0x00000000   Code   RO          667    .ARM.Collect$$libinit$$00000021  c_w.l(libinit2.o)
    0x0000028e   0x00000000   Code   RO          669    .ARM.Collect$$libinit$$00000023  c_w.l(libinit2.o)
    0x0000028e   0x00000000   Code   RO          673    .ARM.Collect$$libinit$$0000002A  c_w.l(libinit2.o)
    0x0000028e   0x00000000   Code   RO          675    .ARM.Collect$$libinit$$0000002C  c_w.l(libinit2.o)
    0x0000028e   0x00000000   Code   RO          677    .ARM.Collect$$libinit$$0000002E  c_w.l(libinit2.o)
    0x0000028e   0x00000000   Code   RO          679    .ARM.Collect$$libinit$$00000030  c_w.l(libinit2.o)
    0x0000028e   0x00000002   Code   RO          680    .ARM.Collect$$libinit$$00000031  c_w.l(libinit2.o)
    0x00000290   0x00000002   Code   RO          700    .ARM.Collect$$libshutdown$$00000000  c_w.l(libshutdown.o)
    0x00000292   0x00000000   Code   RO          714    .ARM.Collect$$libshutdown$$00000003  c_w.l(libshutdown2.o)
    0x00000292   0x00000000   Code   RO          717    .ARM.Collect$$libshutdown$$00000006  c_w.l(libshutdown2.o)
    0x00000292   0x00000000   Code   RO          720    .ARM.Collect$$libshutdown$$00000009  c_w.l(libshutdown2.o)
    0x00000292   0x00000000   Code   RO          722    .ARM.Collect$$libshutdown$$0000000B  c_w.l(libshutdown2.o)
    0x00000292   0x00000000   Code   RO          725    .ARM.Collect$$libshutdown$$0000000E  c_w.l(libshutdown2.o)
    0x00000292   0x00000002   Code   RO          726    .ARM.Collect$$libshutdown$$0000000F  c_w.l(libshutdown2.o)
    0x00000294   0x00000000   Code   RO          607    .ARM.Collect$$rtentry$$00000000  c_w.l(rtentry.o)
    0x00000294   0x00000000   Code   RO          609    .ARM.Collect$$rtentry$$00000002  c_w.l(rtentry2.o)
    0x00000294   0x00000006   Code   RO          621    .ARM.Collect$$rtentry$$00000004  c_w.l(rtentry4.o)
    0x0000029a   0x00000000   Code   RO          611    .ARM.Collect$$rtentry$$00000009  c_w.l(rtentry2.o)
    0x0000029a   0x00000004   Code   RO          612    .ARM.Collect$$rtentry$$0000000A  c_w.l(rtentry2.o)
    0x0000029e   0x00000000   Code   RO          614    .ARM.Collect$$rtentry$$0000000C  c_w.l(rtentry2.o)
    0x0000029e   0x00000008   Code   RO          615    .ARM.Collect$$rtentry$$0000000D  c_w.l(rtentry2.o)
    0x000002a6   0x00000002   Code   RO          636    .ARM.Collect$$rtexit$$00000000  c_w.l(rtexit.o)
    0x000002a8   0x00000000   Code   RO          682    .ARM.Collect$$rtexit$$00000002  c_w.l(rtexit2.o)
    0x000002a8   0x00000004   Code   RO          683    .ARM.Collect$$rtexit$$00000003  c_w.l(rtexit2.o)
    0x000002ac   0x00000006   Code   RO          684    .ARM.Collect$$rtexit$$00000004  c_w.l(rtexit2.o)
    0x000002b2   0x00000002   PAD
    0x000002b4   0x00000030   Code   RO            4    .text               startup.o
    0x000002e4   0x00000040   Code   RO           13    .text               random.o
    0x00000324   0x00000058   Code   RO           16    .text               lcd.o
    0x0000037c   0x00000114   Code   RO           19    .text               print.o
    0x00000490   0x000004a0   Code   RO          584    .text               texas.o
    0x00000930   0x00000006   Code   RO          603    .text               c_w.l(heapauxi.o)
    0x00000936   0x0000004a   Code   RO          623    .text               c_w.l(sys_stackheap_outer.o)
    0x00000980   0x0000000c   Code   RO          625    .text               c_w.l(exit.o)
    0x0000098c   0x00000008   Code   RO          633    .text               c_w.l(libspace.o)
    0x00000994   0x0000000c   Code   RO          692    .text               c_w.l(sys_exit.o)
    0x000009a0   0x00000002   Code   RO          703    .text               c_w.l(use_no_semi.o)
    0x000009a2   0x00000000   Code   RO          705    .text               c_w.l(indicate_semi.o)
    0x000009a2   0x00000002   PAD
    0x000009a4   0x0000002c   Code   RO           22    i.ADC_In            adc.o
    0x000009d0   0x000000ec   Code   RO           23    i.ADC_Init          adc.o
    0x00000abc   0x000002a8   Code   RO          507    i.BrickDraw         bricktype.o
    0x00000d64   0x00000110   Code   RO          508    i.ButtonCheck       bricktype.o
    0x00000e74   0x00000068   Code   RO          509    i.CheckCollision    bricktype.o
    0x00000edc   0x00000060   Code   RO          380    i.DAC_Init          dac.o
    0x00000f3c   0x0000000c   Code   RO          381    i.DAC_Out           dac.o
    0x00000f48   0x00000020   Code   RO          510    i.Delay             bricktype.o
    0x00000f68   0x00000020   Code   RO          117    i.Delay1ms          st7735.o
    0x00000f88   0x00000024   Code   RO          511    i.GameOver          bricktype.o
    0x00000fac   0x00000044   Code   RO          512    i.HitAn             bricktype.o
    0x00000ff0   0x00000014   Code   RO           48    i.Intro_Music       lab8.o
    0x00001004   0x00000038   Code   RO           49    i.PortF_Init        lab8.o
    0x0000103c   0x00000084   Code   RO          513    i.Power             bricktype.o
    0x000010c0   0x00000024   Code   RO          514    i.RandomGen         bricktype.o
    0x000010e4   0x00000120   Code   RO          124    i.ST7735_DrawBitmap  st7735.o
    0x00001204   0x000000f4   Code   RO          126    i.ST7735_DrawCharS  st7735.o
    0x000012f8   0x00000048   Code   RO          129    i.ST7735_DrawPixel  st7735.o
    0x00001340   0x00000054   Code   RO          130    i.ST7735_DrawString  st7735.o
    0x00001394   0x000000ac   Code   RO          131    i.ST7735_FillRect   st7735.o
    0x00001440   0x00000024   Code   RO          132    i.ST7735_FillScreen  st7735.o
    0x00001464   0x0000007c   Code   RO          134    i.ST7735_InitR      st7735.o
    0x000014e0   0x000000d4   Code   RO          136    i.ST7735_OutChar    st7735.o
    0x000015b4   0x00000016   Code   RO          137    i.ST7735_OutString  st7735.o
    0x000015ca   0x00000002   PAD
    0x000015cc   0x00000020   Code   RO          147    i.ST7735_SetCursor  st7735.o
    0x000015ec   0x0000004c   Code   RO           50    i.Switch_Init       lab8.o
    0x00001638   0x00000064   Code   RO           51    i.SysTick_Handler   lab8.o
    0x0000169c   0x0000001c   Code   RO           52    i.SysTick_Init      lab8.o
    0x000016b8   0x0000004c   Code   RO          401    i.Timer0A_Handler   timer0.o
    0x00001704   0x00000014   Code   RO          402    i.Timer0A_Start     timer0.o
    0x00001718   0x00000014   Code   RO          403    i.Timer0A_Stop      timer0.o
    0x0000172c   0x00000058   Code   RO          404    i.Timer0_Init       timer0.o
    0x00001784   0x0000001c   Code   RO          405    i.Timer1A_Handler   timer0.o
    0x000017a0   0x00000014   Code   RO          407    i.Timer1A_Stop      timer0.o
    0x000017b4   0x00000058   Code   RO          408    i.Timer1_Init       timer0.o
    0x0000180c   0x0000004c   Code   RO          409    i.Timer2A_Handler   timer0.o
    0x00001858   0x00000014   Code   RO          411    i.Timer2A_Stop      timer0.o
    0x0000186c   0x0000005c   Code   RO          412    i.Timer2_Init       timer0.o
    0x000018c8   0x00000058   Code   RO           53    i.Welcome_Init      lab8.o
    0x00001920   0x00000070   Code   RO          515    i.Worker            bricktype.o
    0x00001990   0x00000038   Code   RO          516    i.WorkerInit        bricktype.o
    0x000019c8   0x00000056   Code   RO          151    i.commandList       st7735.o
    0x00001a1e   0x00000002   PAD
    0x00001a20   0x00000184   Code   RO          152    i.commonInit        st7735.o
    0x00001ba4   0x00000078   Code   RO          517    i.fall              bricktype.o
    0x00001c1c   0x00000074   Code   RO           54    i.main              lab8.o
    0x00001c90   0x00000012   Code   RO          157    i.pushColor         st7735.o
    0x00001ca2   0x00000002   PAD
    0x00001ca4   0x00000074   Code   RO          158    i.setAddrWindow     st7735.o
    0x00001d18   0x0000515e   Data   RO           55    .constdata          lab8.o
    0x00006e76   0x000007e2   Data   RO          160    .constdata          st7735.o
    0x00007658   0x00005f12   Data   RO          518    .constdata          bricktype.o
    0x0000d56a   0x000000f0   Data   RO          586    .constdata          texas.o
    0x0000d65a   0x00000002   PAD
    0x0000d65c   0x00000000   Data   RO          757    Region$$Table       anon$$obj.o


    Execution Region ER_RW (Base: 0x20000000, Size: 0x00000104, Max: 0xffffffff, ABSOLUTE)

    Base Addr    Size         Type   Attr      Idx    E Section Name        Object

    0x20000000   0x0000001c   Data   RW           56    .data               lab8.o
    0x2000001c   0x0000002c   Data   RW          161    .data               st7735.o
    0x20000048   0x00000034   Data   RW          413    .data               timer0.o
    0x2000007c   0x00000054   Data   RW          519    .data               bricktype.o
    0x200000d0   0x00000030   Data   RW          587    .data               texas.o
    0x20000100   0x00000004   Data   RW           12    DATA                random.o


    Execution Region ER_ZI (Base: 0x20000104, Size: 0x0000049c, Max: 0xffffffff, ABSOLUTE)

    Base Addr    Size         Type   Attr      Idx    E Section Name        Object

    0x20000104   0x00000004   PAD
    0x20000108   0x00000038   Zero   RW          585    .bss                texas.o
    0x20000140   0x00000060   Zero   RW          634    .bss                c_w.l(libspace.o)
    0x200001a0   0x00000000   Zero   RW            2    HEAP                startup.o
    0x200001a0   0x00000400   Zero   RW            1    STACK               startup.o

